<html>
<body>
<pre>
<h1>µVision Build Log</h1>
<h2>Tool Versions:</h2>
IDE-Version: µVision V5.18a
Copyright (C) 2016 ARM Ltd and ARM Germany GmbH. All rights reserved.
License Information: ISRAEL GBATI, Scaevola, LIC=----
 
Tool Versions:
Toolchain:       MDK-Lite  Version: 5.18a
Toolchain Path:  C:\Keil_v5\V518a\ARM\ARMCC\Bin
C Compiler:      Armcc.exe V5.06 update 1 (build 61)
Assembler:       Armasm.exe V5.06 update 1 (build 61)
Linker/Locator:  ArmLink.exe V5.06 update 1 (build 61)
Library Manager: ArmAr.exe V5.06 update 1 (build 61)
Hex Converter:   FromElf.exe V5.06 update 1 (build 61)
CPU DLL:         SARMCM3.DLL V5.18a
Dialog DLL:      DCM.DLL V1.13.6.0
Target DLL:      lmidk-agdi.dll V???
Dialog DLL:      TCM.DLL V1.14.8.0
 
<h2>Project:</h2>
C:\Users\Israel\Documents\CORTEX-M.COM\CM_Internals\CMSIS_IO\CMSIS_IO.uvprojx
Project File Date:  10/30/2016

<h2>Output:</h2>
*** Using Compiler 'V5.06 update 1 (build 61)', folder: 'C:\Keil_v5\V518a\ARM\ARMCC\Bin'
Rebuild target 'Target 1'
compiling main.c...
delay.h(6): warning:  #1-D: last line of file ends without a newline
  #endif
io.h(15): warning:  #1295-D: Deprecated declaration SW_INPUT - give arg types
  uint32_t SW_INPUT();
io.h(17): warning:  #1295-D: Deprecated declaration PortF_INIT - give arg types
  void PortF_INIT();
main.c: 3 warnings, 0 errors
compiling delay.c...
delay.h(6): warning:  #1-D: last line of file ends without a newline
  #endif
delay.c(10): warning:  #1-D: last line of file ends without a newline
  }
delay.c: 2 warnings, 0 errors
compiling io.c...
delay.h(6): warning:  #1-D: last line of file ends without a newline
  #endif
io.h(15): warning:  #1295-D: Deprecated declaration SW_INPUT - give arg types
  uint32_t SW_INPUT();
io.h(17): warning:  #1295-D: Deprecated declaration PortF_INIT - give arg types
  void PortF_INIT();
io.c(24): warning:  #1-D: last line of file ends without a newline
  }
io.c: 4 warnings, 0 errors
assembling startup_TM4C123.s...
compiling system_TM4C123.c...
linking...
Program Size: Code=900 RO-data=636 RW-data=0 ZI-data=608  
".\Objects\CMSIS_IO.axf" - 0 Error(s), 9 Warning(s).

<h2>Software Packages used:</h2>

Package Vendor: ARM
                http://www.keil.com/pack/ARM.CMSIS.4.5.0.pack
                ARM::CMSIS:CORE:4.3.0
                CMSIS (Cortex Microcontroller Software Interface Standard)
   * Component: CORE Version: 4.3.0

Package Vendor: Keil
                http://www.keil.com/pack/Keil.TM4C_DFP.1.1.0.pack
                Keil::Device:Startup:1.0.1
                Texas Instruments Tiva C Series Device Support and Examples
   * Component: Startup Version: 1.0.1

<h2>Collection of Component include folders:</h2>
  C:\Users\Israel\Documents\CORTEX-M.COM\CM_Internals\CMSIS_IO\RTE
  C:\Keil_v5\V518a\ARM\PACK\ARM\CMSIS\4.5.0\CMSIS\Include
  C:\Keil_v5\V518a\ARM\PACK\Keil\TM4C_DFP\1.1.0\Device\Include\TM4C123

<h2>Collection of Component Files used:</h2>

   * Component: ARM::CMSIS:CORE:4.3.0

   * Component: Keil::Device:Startup:1.0.1
      Source file:   Device\Source\ARM\startup_TM4C123.s
      Source file:   Device\Source\system_TM4C123.c
      Include file:  Device\Include\TM4C123\TM4C123.h
Build Time Elapsed:  00:00:00
</pre>
</body>
</html>
