Component: ARM Compiler 5.06 update 6 (build 750) Tool: armlink [4d35ed]

==============================================================================

Section Cross References

    main.o(i.main) refers to ultrasonicsensor.o(i.Dist_cm) for Dist_cm
    main.o(i.main) refers to main.o(.bss) for S1
    config.o(i.Config) refers to system_tm4c123.o(i.SystemCoreClockUpdate) for SystemCoreClockUpdate
    config.o(i.Config) refers to dflt_clz.o(x$fpl$dfltu) for __aeabi_ui2d
    config.o(i.Config) refers to dleqf.o(x$fpl$dleqf) for __aeabi_cdcmple
    config.o(i.Config) refers to ddiv.o(x$fpl$ddiv) for __aeabi_ddiv
    config.o(i.Config) refers to dfixu.o(x$fpl$dfixu) for __aeabi_d2uiz
    config.o(i.Config) refers to system_tm4c123.o(.data) for SystemCoreClock
    config.o(i.Config) refers to config.o(.data) for SysClk
    pid.o(i.PID) refers to ddiv.o(x$fpl$ddiv) for __aeabi_ddiv
    pid.o(i.PID) refers to dmul.o(x$fpl$dmul) for __aeabi_dmul
    pid.o(i.PID) refers to daddsub_clz.o(x$fpl$dadd) for __aeabi_dadd
    pid.o(i.PID) refers to daddsub_clz.o(x$fpl$dsub) for __aeabi_dsub
    pid.o(i.PID) refers to dflt_clz.o(x$fpl$dflt) for __aeabi_i2d
    pid.o(i.PID) refers to dleqf.o(x$fpl$dleqf) for __aeabi_cdcmple
    pid.o(i.PID) refers to drleqf.o(x$fpl$drleqf) for __aeabi_cdrcmple
    pid.o(i.TIMER0A_Handler) refers to pid.o(i.PID) for PID
    pid.o(i.TIMER0A_Handler) refers to pid.o(.bss) for M1
    pid.o(i.TIMER0A_Handler) refers to config.o(.data) for PID_Sample_Time
    ultrasonicsensor.o(i.Dist_cm) refers to ultrasonicsensor.o(i.delay_us) for delay_us
    ultrasonicsensor.o(i.Dist_cm) refers to system_tm4c123.o(.data) for SystemCoreClock
    startup_tm4c123.o(STACK) refers (Special) to heapauxi.o(.text) for __use_two_region_memory
    startup_tm4c123.o(HEAP) refers (Special) to heapauxi.o(.text) for __use_two_region_memory
    startup_tm4c123.o(RESET) refers (Special) to heapauxi.o(.text) for __use_two_region_memory
    startup_tm4c123.o(RESET) refers to startup_tm4c123.o(STACK) for __initial_sp
    startup_tm4c123.o(RESET) refers to startup_tm4c123.o(.text) for Reset_Handler
    startup_tm4c123.o(RESET) refers to pid.o(i.TIMER0A_Handler) for TIMER0A_Handler
    startup_tm4c123.o(.text) refers (Special) to heapauxi.o(.text) for __use_two_region_memory
    startup_tm4c123.o(.text) refers to system_tm4c123.o(i.SystemInit) for SystemInit
    startup_tm4c123.o(.text) refers to config.o(i.Config) for Config
    startup_tm4c123.o(.text) refers to main.o(i.main) for main
    startup_tm4c123.o(.text) refers to startup_tm4c123.o(HEAP) for Heap_Mem
    startup_tm4c123.o(.text) refers to startup_tm4c123.o(STACK) for Stack_Mem
    system_tm4c123.o(i.SystemCoreClockUpdate) refers to system_tm4c123.o(i.getOscClk) for getOscClk
    system_tm4c123.o(i.SystemCoreClockUpdate) refers to system_tm4c123.o(.data) for SystemCoreClock
    __main.o(!!!main) refers to __rtentry.o(.ARM.Collect$$rtentry$$00000000) for __rt_entry
    daddsub_clz.o(x$fpl$dadd) refers (Special) to usenofp.o(x$fpl$usenofp) for __I$use$fp
    daddsub_clz.o(x$fpl$dadd) refers to daddsub_clz.o(x$fpl$dsub) for _dsub1
    daddsub_clz.o(x$fpl$dadd) refers to dretinf.o(x$fpl$dretinf) for __fpl_dretinf
    daddsub_clz.o(x$fpl$dadd) refers to dnaninf.o(x$fpl$dnaninf) for __fpl_dnaninf
    daddsub_clz.o(x$fpl$drsb) refers (Special) to usenofp.o(x$fpl$usenofp) for __I$use$fp
    daddsub_clz.o(x$fpl$drsb) refers to daddsub_clz.o(x$fpl$dadd) for _dadd1
    daddsub_clz.o(x$fpl$drsb) refers to daddsub_clz.o(x$fpl$dsub) for _dsub1
    daddsub_clz.o(x$fpl$dsub) refers (Special) to usenofp.o(x$fpl$usenofp) for __I$use$fp
    daddsub_clz.o(x$fpl$dsub) refers to daddsub_clz.o(x$fpl$dadd) for _dadd1
    daddsub_clz.o(x$fpl$dsub) refers to dnaninf.o(x$fpl$dnaninf) for __fpl_dnaninf
    ddiv.o(x$fpl$drdiv) refers (Special) to usenofp.o(x$fpl$usenofp) for __I$use$fp
    ddiv.o(x$fpl$drdiv) refers to ddiv.o(x$fpl$ddiv) for ddiv_entry
    ddiv.o(x$fpl$ddiv) refers (Special) to usenofp.o(x$fpl$usenofp) for __I$use$fp
    ddiv.o(x$fpl$ddiv) refers to dretinf.o(x$fpl$dretinf) for __fpl_dretinf
    ddiv.o(x$fpl$ddiv) refers to dnaninf.o(x$fpl$dnaninf) for __fpl_dnaninf
    dfixu.o(x$fpl$dfixu) refers (Special) to usenofp.o(x$fpl$usenofp) for __I$use$fp
    dfixu.o(x$fpl$dfixu) refers to dnaninf.o(x$fpl$dnaninf) for __fpl_dnaninf
    dfixu.o(x$fpl$dfixur) refers (Special) to usenofp.o(x$fpl$usenofp) for __I$use$fp
    dfixu.o(x$fpl$dfixur) refers to dnaninf.o(x$fpl$dnaninf) for __fpl_dnaninf
    dflt_clz.o(x$fpl$dfltu) refers (Special) to usenofp.o(x$fpl$usenofp) for __I$use$fp
    dflt_clz.o(x$fpl$dflt) refers (Special) to usenofp.o(x$fpl$usenofp) for __I$use$fp
    dflt_clz.o(x$fpl$dfltn) refers (Special) to usenofp.o(x$fpl$usenofp) for __I$use$fp
    dleqf.o(x$fpl$dleqf) refers (Special) to usenofp.o(x$fpl$usenofp) for __I$use$fp
    dleqf.o(x$fpl$dleqf) refers to dnaninf.o(x$fpl$dnaninf) for __fpl_dnaninf
    dleqf.o(x$fpl$dleqf) refers to dcmpi.o(x$fpl$dcmpinf) for __fpl_dcmp_Inf
    dmul.o(x$fpl$dmul) refers (Special) to usenofp.o(x$fpl$usenofp) for __I$use$fp
    dmul.o(x$fpl$dmul) refers to dretinf.o(x$fpl$dretinf) for __fpl_dretinf
    dmul.o(x$fpl$dmul) refers to dnaninf.o(x$fpl$dnaninf) for __fpl_dnaninf
    drleqf.o(x$fpl$drleqf) refers (Special) to usenofp.o(x$fpl$usenofp) for __I$use$fp
    drleqf.o(x$fpl$drleqf) refers to dleqf.o(x$fpl$dleqf) for __fpl_dcmple_InfNaN
    __rtentry.o(.ARM.Collect$$rtentry$$00000000) refers (Special) to __rtentry2.o(.ARM.Collect$$rtentry$$0000000A) for __rt_entry_li
    __rtentry.o(.ARM.Collect$$rtentry$$00000000) refers (Special) to __rtentry2.o(.ARM.Collect$$rtentry$$0000000D) for __rt_entry_main
    __rtentry.o(.ARM.Collect$$rtentry$$00000000) refers (Special) to __rtentry2.o(.ARM.Collect$$rtentry$$0000000C) for __rt_entry_postli_1
    __rtentry.o(.ARM.Collect$$rtentry$$00000000) refers (Special) to __rtentry2.o(.ARM.Collect$$rtentry$$00000009) for __rt_entry_postsh_1
    __rtentry.o(.ARM.Collect$$rtentry$$00000000) refers (Special) to __rtentry2.o(.ARM.Collect$$rtentry$$00000002) for __rt_entry_presh_1
    __rtentry.o(.ARM.Collect$$rtentry$$00000000) refers (Special) to __rtentry4.o(.ARM.Collect$$rtentry$$00000004) for __rt_entry_sh
    dcmpi.o(x$fpl$dcmpinf) refers (Special) to usenofp.o(x$fpl$usenofp) for __I$use$fp
    dnaninf.o(x$fpl$dnaninf) refers (Special) to usenofp.o(x$fpl$usenofp) for __I$use$fp
    dretinf.o(x$fpl$dretinf) refers (Special) to usenofp.o(x$fpl$usenofp) for __I$use$fp
    __rtentry2.o(.ARM.Collect$$rtentry$$00000008) refers to boardinit2.o(.text) for _platform_post_stackheap_init
    __rtentry2.o(.ARM.Collect$$rtentry$$0000000A) refers to libinit.o(.ARM.Collect$$libinit$$00000000) for __rt_lib_init
    __rtentry2.o(.ARM.Collect$$rtentry$$0000000B) refers to boardinit3.o(.text) for _platform_post_lib_init
    __rtentry2.o(.ARM.Collect$$rtentry$$0000000D) refers to main.o(i.main) for main
    __rtentry2.o(.ARM.Collect$$rtentry$$0000000D) refers to exit.o(.text) for exit
    __rtentry2.o(.ARM.exidx) refers to __rtentry2.o(.ARM.Collect$$rtentry$$00000001) for .ARM.Collect$$rtentry$$00000001
    __rtentry2.o(.ARM.exidx) refers to __rtentry2.o(.ARM.Collect$$rtentry$$00000008) for .ARM.Collect$$rtentry$$00000008
    __rtentry2.o(.ARM.exidx) refers to __rtentry2.o(.ARM.Collect$$rtentry$$0000000A) for .ARM.Collect$$rtentry$$0000000A
    __rtentry2.o(.ARM.exidx) refers to __rtentry2.o(.ARM.Collect$$rtentry$$0000000B) for .ARM.Collect$$rtentry$$0000000B
    __rtentry2.o(.ARM.exidx) refers to __rtentry2.o(.ARM.Collect$$rtentry$$0000000D) for .ARM.Collect$$rtentry$$0000000D
    __rtentry4.o(.ARM.Collect$$rtentry$$00000004) refers to sys_stackheap_outer.o(.text) for __user_setup_stackheap
    __rtentry4.o(.ARM.exidx) refers to __rtentry4.o(.ARM.Collect$$rtentry$$00000004) for .ARM.Collect$$rtentry$$00000004
    sys_stackheap_outer.o(.text) refers to libspace.o(.text) for __user_perproc_libspace
    sys_stackheap_outer.o(.text) refers to startup_tm4c123.o(.text) for __user_initial_stackheap
    exit.o(.text) refers to rtexit.o(.ARM.Collect$$rtexit$$00000000) for __rt_exit
    libinit.o(.ARM.Collect$$libinit$$00000000) refers (Special) to libinit2.o(.ARM.Collect$$libinit$$0000002E) for __rt_lib_init_alloca_1
    libinit.o(.ARM.Collect$$libinit$$00000000) refers (Special) to libinit2.o(.ARM.Collect$$libinit$$0000002C) for __rt_lib_init_argv_1
    libinit.o(.ARM.Collect$$libinit$$00000000) refers (Special) to libinit2.o(.ARM.Collect$$libinit$$0000001B) for __rt_lib_init_atexit_1
    libinit.o(.ARM.Collect$$libinit$$00000000) refers (Special) to libinit2.o(.ARM.Collect$$libinit$$00000021) for __rt_lib_init_clock_1
    libinit.o(.ARM.Collect$$libinit$$00000000) refers (Special) to libinit2.o(.ARM.Collect$$libinit$$00000032) for __rt_lib_init_cpp_1
    libinit.o(.ARM.Collect$$libinit$$00000000) refers (Special) to libinit2.o(.ARM.Collect$$libinit$$00000030) for __rt_lib_init_exceptions_1
    libinit.o(.ARM.Collect$$libinit$$00000000) refers (Special) to libinit2.o(.ARM.Collect$$libinit$$00000001) for __rt_lib_init_fp_1
    libinit.o(.ARM.Collect$$libinit$$00000000) refers (Special) to libinit2.o(.ARM.Collect$$libinit$$0000001F) for __rt_lib_init_fp_trap_1
    libinit.o(.ARM.Collect$$libinit$$00000000) refers (Special) to libinit2.o(.ARM.Collect$$libinit$$00000023) for __rt_lib_init_getenv_1
    libinit.o(.ARM.Collect$$libinit$$00000000) refers (Special) to libinit2.o(.ARM.Collect$$libinit$$0000000A) for __rt_lib_init_heap_1
    libinit.o(.ARM.Collect$$libinit$$00000000) refers (Special) to libinit2.o(.ARM.Collect$$libinit$$00000011) for __rt_lib_init_lc_collate_1
    libinit.o(.ARM.Collect$$libinit$$00000000) refers (Special) to libinit2.o(.ARM.Collect$$libinit$$00000013) for __rt_lib_init_lc_ctype_1
    libinit.o(.ARM.Collect$$libinit$$00000000) refers (Special) to libinit2.o(.ARM.Collect$$libinit$$00000015) for __rt_lib_init_lc_monetary_1
    libinit.o(.ARM.Collect$$libinit$$00000000) refers (Special) to libinit2.o(.ARM.Collect$$libinit$$00000017) for __rt_lib_init_lc_numeric_1
    libinit.o(.ARM.Collect$$libinit$$00000000) refers (Special) to libinit2.o(.ARM.Collect$$libinit$$00000019) for __rt_lib_init_lc_time_1
    libinit.o(.ARM.Collect$$libinit$$00000000) refers (Special) to libinit2.o(.ARM.Collect$$libinit$$00000004) for __rt_lib_init_preinit_1
    libinit.o(.ARM.Collect$$libinit$$00000000) refers (Special) to libinit2.o(.ARM.Collect$$libinit$$0000000E) for __rt_lib_init_rand_1
    libinit.o(.ARM.Collect$$libinit$$00000000) refers (Special) to libinit2.o(.ARM.Collect$$libinit$$00000033) for __rt_lib_init_return
    libinit.o(.ARM.Collect$$libinit$$00000000) refers (Special) to libinit2.o(.ARM.Collect$$libinit$$0000001D) for __rt_lib_init_signal_1
    libinit.o(.ARM.Collect$$libinit$$00000000) refers (Special) to libinit2.o(.ARM.Collect$$libinit$$00000025) for __rt_lib_init_stdio_1
    libinit.o(.ARM.Collect$$libinit$$00000000) refers (Special) to libinit2.o(.ARM.Collect$$libinit$$0000000C) for __rt_lib_init_user_alloc_1
    libspace.o(.text) refers to libspace.o(.bss) for __libspace_start
    rtexit.o(.ARM.Collect$$rtexit$$00000000) refers (Special) to rtexit2.o(.ARM.Collect$$rtexit$$00000004) for __rt_exit_exit
    rtexit.o(.ARM.Collect$$rtexit$$00000000) refers (Special) to rtexit2.o(.ARM.Collect$$rtexit$$00000003) for __rt_exit_ls
    rtexit.o(.ARM.Collect$$rtexit$$00000000) refers (Special) to rtexit2.o(.ARM.Collect$$rtexit$$00000002) for __rt_exit_prels_1
    rtexit.o(.ARM.exidx) refers (Special) to rtexit2.o(.ARM.Collect$$rtexit$$00000004) for __rt_exit_exit
    rtexit.o(.ARM.exidx) refers (Special) to rtexit2.o(.ARM.Collect$$rtexit$$00000003) for __rt_exit_ls
    rtexit.o(.ARM.exidx) refers (Special) to rtexit2.o(.ARM.Collect$$rtexit$$00000002) for __rt_exit_prels_1
    rtexit.o(.ARM.exidx) refers to rtexit.o(.ARM.Collect$$rtexit$$00000000) for .ARM.Collect$$rtexit$$00000000
    libinit2.o(.ARM.Collect$$libinit$$00000001) refers to fpinit.o(x$fpl$fpinit) for _fp_init
    libinit2.o(.ARM.Collect$$libinit$$00000010) refers to libinit2.o(.ARM.Collect$$libinit$$0000000F) for .ARM.Collect$$libinit$$0000000F
    libinit2.o(.ARM.Collect$$libinit$$00000012) refers to libinit2.o(.ARM.Collect$$libinit$$0000000F) for .ARM.Collect$$libinit$$0000000F
    libinit2.o(.ARM.Collect$$libinit$$00000014) refers to libinit2.o(.ARM.Collect$$libinit$$0000000F) for .ARM.Collect$$libinit$$0000000F
    libinit2.o(.ARM.Collect$$libinit$$00000016) refers to libinit2.o(.ARM.Collect$$libinit$$0000000F) for .ARM.Collect$$libinit$$0000000F
    libinit2.o(.ARM.Collect$$libinit$$00000018) refers to libinit2.o(.ARM.Collect$$libinit$$0000000F) for .ARM.Collect$$libinit$$0000000F
    libinit2.o(.ARM.Collect$$libinit$$00000026) refers to argv_veneer.o(.emb_text) for __ARM_argv_veneer
    libinit2.o(.ARM.Collect$$libinit$$00000027) refers to argv_veneer.o(.emb_text) for __ARM_argv_veneer
    rtexit2.o(.ARM.Collect$$rtexit$$00000003) refers to libshutdown.o(.ARM.Collect$$libshutdown$$00000000) for __rt_lib_shutdown
    rtexit2.o(.ARM.Collect$$rtexit$$00000004) refers to sys_exit.o(.text) for _sys_exit
    rtexit2.o(.ARM.exidx) refers to rtexit2.o(.ARM.Collect$$rtexit$$00000001) for .ARM.Collect$$rtexit$$00000001
    rtexit2.o(.ARM.exidx) refers to rtexit2.o(.ARM.Collect$$rtexit$$00000003) for .ARM.Collect$$rtexit$$00000003
    rtexit2.o(.ARM.exidx) refers to rtexit2.o(.ARM.Collect$$rtexit$$00000004) for .ARM.Collect$$rtexit$$00000004
    argv_veneer.o(.emb_text) refers to no_argv.o(.text) for __ARM_get_argv
    sys_exit.o(.text) refers (Special) to use_no_semi.o(.text) for __I$use$semihosting
    sys_exit.o(.text) refers (Special) to indicate_semi.o(.text) for __semihosting_library_function
    _get_argv_nomalloc.o(.text) refers (Special) to hrguard.o(.text) for __heap_region$guard
    _get_argv_nomalloc.o(.text) refers to defsig_rtmem_outer.o(.text) for __rt_SIGRTMEM
    _get_argv_nomalloc.o(.text) refers to sys_command.o(.text) for _sys_command_string
    libshutdown.o(.ARM.Collect$$libshutdown$$00000000) refers (Special) to libshutdown2.o(.ARM.Collect$$libshutdown$$00000002) for __rt_lib_shutdown_cpp_1
    libshutdown.o(.ARM.Collect$$libshutdown$$00000000) refers (Special) to libshutdown2.o(.ARM.Collect$$libshutdown$$00000007) for __rt_lib_shutdown_fp_trap_1
    libshutdown.o(.ARM.Collect$$libshutdown$$00000000) refers (Special) to libshutdown2.o(.ARM.Collect$$libshutdown$$0000000F) for __rt_lib_shutdown_heap_1
    libshutdown.o(.ARM.Collect$$libshutdown$$00000000) refers (Special) to libshutdown2.o(.ARM.Collect$$libshutdown$$00000010) for __rt_lib_shutdown_return
    libshutdown.o(.ARM.Collect$$libshutdown$$00000000) refers (Special) to libshutdown2.o(.ARM.Collect$$libshutdown$$0000000A) for __rt_lib_shutdown_signal_1
    libshutdown.o(.ARM.Collect$$libshutdown$$00000000) refers (Special) to libshutdown2.o(.ARM.Collect$$libshutdown$$00000004) for __rt_lib_shutdown_stdio_1
    libshutdown.o(.ARM.Collect$$libshutdown$$00000000) refers (Special) to libshutdown2.o(.ARM.Collect$$libshutdown$$0000000C) for __rt_lib_shutdown_user_alloc_1
    sys_command.o(.text) refers (Special) to use_no_semi.o(.text) for __I$use$semihosting
    sys_command.o(.text) refers (Special) to indicate_semi.o(.text) for __semihosting_library_function
    defsig_rtmem_outer.o(.text) refers to defsig_rtmem_inner.o(.text) for __rt_SIGRTMEM_inner
    defsig_rtmem_outer.o(.text) refers to defsig_exit.o(.text) for __sig_exit
    defsig_rtmem_formal.o(.text) refers to rt_raise.o(.text) for __rt_raise
    rt_raise.o(.text) refers to __raise.o(.text) for __raise
    rt_raise.o(.text) refers to sys_exit.o(.text) for _sys_exit
    defsig_exit.o(.text) refers to sys_exit.o(.text) for _sys_exit
    defsig_rtmem_inner.o(.text) refers to defsig_general.o(.text) for __default_signal_display
    __raise.o(.text) refers to defsig.o(CL$$defsig) for __default_signal_handler
    defsig_general.o(.text) refers to sys_wrch.o(.text) for _ttywrch
    sys_wrch.o(.text) refers (Special) to use_no_semi.o(.text) for __I$use$semihosting
    sys_wrch.o(.text) refers (Special) to indicate_semi.o(.text) for __semihosting_library_function
    defsig.o(CL$$defsig) refers to defsig_rtmem_inner.o(.text) for __rt_SIGRTMEM_inner
    defsig_abrt_inner.o(.text) refers to defsig_general.o(.text) for __default_signal_display
    defsig_fpe_inner.o(.text) refers to defsig_general.o(.text) for __default_signal_display
    defsig_rtred_inner.o(.text) refers to defsig_general.o(.text) for __default_signal_display
    defsig_stak_inner.o(.text) refers to defsig_general.o(.text) for __default_signal_display
    defsig_pvfn_inner.o(.text) refers to defsig_general.o(.text) for __default_signal_display
    defsig_cppl_inner.o(.text) refers to defsig_general.o(.text) for __default_signal_display
    defsig_segv_inner.o(.text) refers to defsig_general.o(.text) for __default_signal_display
    defsig_other.o(.text) refers to defsig_general.o(.text) for __default_signal_display


==============================================================================

Removing Unused input sections from the image.

    Removing main.o(.rev16_text), (4 bytes).
    Removing main.o(.revsh_text), (4 bytes).
    Removing main.o(.rrx_text), (6 bytes).
    Removing config.o(.rev16_text), (4 bytes).
    Removing config.o(.revsh_text), (4 bytes).
    Removing config.o(.rrx_text), (6 bytes).
    Removing pid.o(.rev16_text), (4 bytes).
    Removing pid.o(.revsh_text), (4 bytes).
    Removing pid.o(.rrx_text), (6 bytes).
    Removing pid.o(.data), (8 bytes).
    Removing ultrasonicsensor.o(.rev16_text), (4 bytes).
    Removing ultrasonicsensor.o(.revsh_text), (4 bytes).
    Removing ultrasonicsensor.o(.rrx_text), (6 bytes).
    Removing ultrasonicsensor.o(.constdata), (4 bytes).
    Removing system_tm4c123.o(.rev16_text), (4 bytes).
    Removing system_tm4c123.o(.revsh_text), (4 bytes).
    Removing system_tm4c123.o(.rrx_text), (6 bytes).

17 unused section(s) (total 82 bytes) removed from the image.

==============================================================================

Image Symbol Table

    Local Symbols

    Symbol Name                              Value     Ov Type        Size  Object(Section)

    RESET                                    0x00000000   Section      620  startup_tm4c123.o(RESET)
    ../clib/angel/boardlib.s                 0x00000000   Number         0  boardinit1.o ABSOLUTE
    ../clib/angel/boardlib.s                 0x00000000   Number         0  boardshut.o ABSOLUTE
    ../clib/angel/boardlib.s                 0x00000000   Number         0  boardinit3.o ABSOLUTE
    ../clib/angel/boardlib.s                 0x00000000   Number         0  boardinit2.o ABSOLUTE
    ../clib/angel/handlers.s                 0x00000000   Number         0  __scatter_copy.o ABSOLUTE
    ../clib/angel/handlers.s                 0x00000000   Number         0  __scatter_zi.o ABSOLUTE
    ../clib/angel/kernel.s                   0x00000000   Number         0  rtexit.o ABSOLUTE
    ../clib/angel/kernel.s                   0x00000000   Number         0  rtexit2.o ABSOLUTE
    ../clib/angel/kernel.s                   0x00000000   Number         0  __rtentry2.o ABSOLUTE
    ../clib/angel/kernel.s                   0x00000000   Number         0  __rtentry.o ABSOLUTE
    ../clib/angel/kernel.s                   0x00000000   Number         0  __rtentry4.o ABSOLUTE
    ../clib/angel/rt.s                       0x00000000   Number         0  rt_raise.o ABSOLUTE
    ../clib/angel/scatter.s                  0x00000000   Number         0  __scatter.o ABSOLUTE
    ../clib/angel/startup.s                  0x00000000   Number         0  __main.o ABSOLUTE
    ../clib/angel/sys.s                      0x00000000   Number         0  indicate_semi.o ABSOLUTE
    ../clib/angel/sys.s                      0x00000000   Number         0  use_no_semi.o ABSOLUTE
    ../clib/angel/sys.s                      0x00000000   Number         0  libspace.o ABSOLUTE
    ../clib/angel/sys.s                      0x00000000   Number         0  sys_stackheap_outer.o ABSOLUTE
    ../clib/angel/sysapp.c                   0x00000000   Number         0  sys_exit.o ABSOLUTE
    ../clib/angel/sysapp.c                   0x00000000   Number         0  sys_wrch.o ABSOLUTE
    ../clib/angel/sysapp.c                   0x00000000   Number         0  sys_command.o ABSOLUTE
    ../clib/armsys.c                         0x00000000   Number         0  _get_argv_nomalloc.o ABSOLUTE
    ../clib/armsys.c                         0x00000000   Number         0  no_argv.o ABSOLUTE
    ../clib/armsys.c                         0x00000000   Number         0  argv_veneer.o ABSOLUTE
    ../clib/armsys.c                         0x00000000   Number         0  argv_veneer.o ABSOLUTE
    ../clib/heapalloc.c                      0x00000000   Number         0  hrguard.o ABSOLUTE
    ../clib/heapaux.c                        0x00000000   Number         0  heapauxi.o ABSOLUTE
    ../clib/libinit.s                        0x00000000   Number         0  libshutdown.o ABSOLUTE
    ../clib/libinit.s                        0x00000000   Number         0  libshutdown2.o ABSOLUTE
    ../clib/libinit.s                        0x00000000   Number         0  libinit.o ABSOLUTE
    ../clib/libinit.s                        0x00000000   Number         0  libinit2.o ABSOLUTE
    ../clib/signal.c                         0x00000000   Number         0  __raise.o ABSOLUTE
    ../clib/signal.c                         0x00000000   Number         0  defsig_rtmem_inner.o ABSOLUTE
    ../clib/signal.c                         0x00000000   Number         0  defsig_other.o ABSOLUTE
    ../clib/signal.c                         0x00000000   Number         0  defsig_segv_inner.o ABSOLUTE
    ../clib/signal.c                         0x00000000   Number         0  defsig_rtmem_outer.o ABSOLUTE
    ../clib/signal.c                         0x00000000   Number         0  defsig_general.o ABSOLUTE
    ../clib/signal.c                         0x00000000   Number         0  defsig_abrt_inner.o ABSOLUTE
    ../clib/signal.c                         0x00000000   Number         0  defsig_fpe_inner.o ABSOLUTE
    ../clib/signal.c                         0x00000000   Number         0  defsig_rtred_inner.o ABSOLUTE
    ../clib/signal.c                         0x00000000   Number         0  defsig_rtmem_formal.o ABSOLUTE
    ../clib/signal.c                         0x00000000   Number         0  defsig_stak_inner.o ABSOLUTE
    ../clib/signal.c                         0x00000000   Number         0  defsig_exit.o ABSOLUTE
    ../clib/signal.c                         0x00000000   Number         0  defsig_pvfn_inner.o ABSOLUTE
    ../clib/signal.c                         0x00000000   Number         0  defsig_cppl_inner.o ABSOLUTE
    ../clib/signal.s                         0x00000000   Number         0  defsig.o ABSOLUTE
    ../clib/stdlib.c                         0x00000000   Number         0  exit.o ABSOLUTE
    ../fplib/daddsub.s                       0x00000000   Number         0  daddsub_clz.o ABSOLUTE
    ../fplib/dcmpi.s                         0x00000000   Number         0  dcmpi.o ABSOLUTE
    ../fplib/ddiv.s                          0x00000000   Number         0  ddiv.o ABSOLUTE
    ../fplib/dfixu.s                         0x00000000   Number         0  dfixu.o ABSOLUTE
    ../fplib/dflt.s                          0x00000000   Number         0  dflt_clz.o ABSOLUTE
    ../fplib/dleqf.s                         0x00000000   Number         0  dleqf.o ABSOLUTE
    ../fplib/dmul.s                          0x00000000   Number         0  dmul.o ABSOLUTE
    ../fplib/dnaninf.s                       0x00000000   Number         0  dnaninf.o ABSOLUTE
    ../fplib/dretinf.s                       0x00000000   Number         0  dretinf.o ABSOLUTE
    ../fplib/drleqf.s                        0x00000000   Number         0  drleqf.o ABSOLUTE
    ../fplib/fpinit.s                        0x00000000   Number         0  fpinit.o ABSOLUTE
    ../fplib/usenofp.s                       0x00000000   Number         0  usenofp.o ABSOLUTE
    Config.c                                 0x00000000   Number         0  config.o ABSOLUTE
    Config.c                                 0x00000000   Number         0  config.o ABSOLUTE
    Main.c                                   0x00000000   Number         0  main.o ABSOLUTE
    Main.c                                   0x00000000   Number         0  main.o ABSOLUTE
    PID.c                                    0x00000000   Number         0  pid.o ABSOLUTE
    PID.c                                    0x00000000   Number         0  pid.o ABSOLUTE
    RTE\Device\TM4C123GH6PM\startup_TM4C123.s 0x00000000   Number         0  startup_tm4c123.o ABSOLUTE
    RTE\Device\TM4C123GH6PM\system_TM4C123.c 0x00000000   Number         0  system_tm4c123.o ABSOLUTE
    RTE\\Device\\TM4C123GH6PM\\system_TM4C123.c 0x00000000   Number         0  system_tm4c123.o ABSOLUTE
    UltraSonicSensor.c                       0x00000000   Number         0  ultrasonicsensor.o ABSOLUTE
    UltraSonicSensor.c                       0x00000000   Number         0  ultrasonicsensor.o ABSOLUTE
    dc.s                                     0x00000000   Number         0  dc.o ABSOLUTE
    !!!main                                  0x0000026c   Section        8  __main.o(!!!main)
    !!!scatter                               0x00000274   Section       52  __scatter.o(!!!scatter)
    !!handler_copy                           0x000002a8   Section       26  __scatter_copy.o(!!handler_copy)
    !!handler_zi                             0x000002c4   Section       28  __scatter_zi.o(!!handler_zi)
    .ARM.Collect$$libinit$$00000000          0x000002e0   Section        2  libinit.o(.ARM.Collect$$libinit$$00000000)
    .ARM.Collect$$libinit$$00000001          0x000002e2   Section        4  libinit2.o(.ARM.Collect$$libinit$$00000001)
    .ARM.Collect$$libinit$$00000004          0x000002e6   Section        0  libinit2.o(.ARM.Collect$$libinit$$00000004)
    .ARM.Collect$$libinit$$0000000A          0x000002e6   Section        0  libinit2.o(.ARM.Collect$$libinit$$0000000A)
    .ARM.Collect$$libinit$$0000000C          0x000002e6   Section        0  libinit2.o(.ARM.Collect$$libinit$$0000000C)
    .ARM.Collect$$libinit$$0000000E          0x000002e6   Section        0  libinit2.o(.ARM.Collect$$libinit$$0000000E)
    .ARM.Collect$$libinit$$00000011          0x000002e6   Section        0  libinit2.o(.ARM.Collect$$libinit$$00000011)
    .ARM.Collect$$libinit$$00000013          0x000002e6   Section        0  libinit2.o(.ARM.Collect$$libinit$$00000013)
    .ARM.Collect$$libinit$$00000015          0x000002e6   Section        0  libinit2.o(.ARM.Collect$$libinit$$00000015)
    .ARM.Collect$$libinit$$00000017          0x000002e6   Section        0  libinit2.o(.ARM.Collect$$libinit$$00000017)
    .ARM.Collect$$libinit$$00000019          0x000002e6   Section        0  libinit2.o(.ARM.Collect$$libinit$$00000019)
    .ARM.Collect$$libinit$$0000001B          0x000002e6   Section        0  libinit2.o(.ARM.Collect$$libinit$$0000001B)
    .ARM.Collect$$libinit$$0000001D          0x000002e6   Section        0  libinit2.o(.ARM.Collect$$libinit$$0000001D)
    .ARM.Collect$$libinit$$0000001F          0x000002e6   Section        0  libinit2.o(.ARM.Collect$$libinit$$0000001F)
    .ARM.Collect$$libinit$$00000021          0x000002e6   Section        0  libinit2.o(.ARM.Collect$$libinit$$00000021)
    .ARM.Collect$$libinit$$00000023          0x000002e6   Section        0  libinit2.o(.ARM.Collect$$libinit$$00000023)
    .ARM.Collect$$libinit$$00000025          0x000002e6   Section        0  libinit2.o(.ARM.Collect$$libinit$$00000025)
    .ARM.Collect$$libinit$$0000002C          0x000002e6   Section        0  libinit2.o(.ARM.Collect$$libinit$$0000002C)
    .ARM.Collect$$libinit$$0000002E          0x000002e6   Section        0  libinit2.o(.ARM.Collect$$libinit$$0000002E)
    .ARM.Collect$$libinit$$00000030          0x000002e6   Section        0  libinit2.o(.ARM.Collect$$libinit$$00000030)
    .ARM.Collect$$libinit$$00000032          0x000002e6   Section        0  libinit2.o(.ARM.Collect$$libinit$$00000032)
    .ARM.Collect$$libinit$$00000033          0x000002e6   Section        2  libinit2.o(.ARM.Collect$$libinit$$00000033)
    .ARM.Collect$$libshutdown$$00000000      0x000002e8   Section        2  libshutdown.o(.ARM.Collect$$libshutdown$$00000000)
    .ARM.Collect$$libshutdown$$00000002      0x000002ea   Section        0  libshutdown2.o(.ARM.Collect$$libshutdown$$00000002)
    .ARM.Collect$$libshutdown$$00000004      0x000002ea   Section        0  libshutdown2.o(.ARM.Collect$$libshutdown$$00000004)
    .ARM.Collect$$libshutdown$$00000007      0x000002ea   Section        0  libshutdown2.o(.ARM.Collect$$libshutdown$$00000007)
    .ARM.Collect$$libshutdown$$0000000A      0x000002ea   Section        0  libshutdown2.o(.ARM.Collect$$libshutdown$$0000000A)
    .ARM.Collect$$libshutdown$$0000000C      0x000002ea   Section        0  libshutdown2.o(.ARM.Collect$$libshutdown$$0000000C)
    .ARM.Collect$$libshutdown$$0000000F      0x000002ea   Section        0  libshutdown2.o(.ARM.Collect$$libshutdown$$0000000F)
    .ARM.Collect$$libshutdown$$00000010      0x000002ea   Section        2  libshutdown2.o(.ARM.Collect$$libshutdown$$00000010)
    .ARM.Collect$$rtentry$$00000000          0x000002ec   Section        0  __rtentry.o(.ARM.Collect$$rtentry$$00000000)
    .ARM.Collect$$rtentry$$00000002          0x000002ec   Section        0  __rtentry2.o(.ARM.Collect$$rtentry$$00000002)
    .ARM.Collect$$rtentry$$00000004          0x000002ec   Section        6  __rtentry4.o(.ARM.Collect$$rtentry$$00000004)
    .ARM.Collect$$rtentry$$00000009          0x000002f2   Section        0  __rtentry2.o(.ARM.Collect$$rtentry$$00000009)
    .ARM.Collect$$rtentry$$0000000A          0x000002f2   Section        4  __rtentry2.o(.ARM.Collect$$rtentry$$0000000A)
    .ARM.Collect$$rtentry$$0000000C          0x000002f6   Section        0  __rtentry2.o(.ARM.Collect$$rtentry$$0000000C)
    .ARM.Collect$$rtentry$$0000000D          0x000002f6   Section        8  __rtentry2.o(.ARM.Collect$$rtentry$$0000000D)
    .ARM.Collect$$rtexit$$00000000           0x000002fe   Section        2  rtexit.o(.ARM.Collect$$rtexit$$00000000)
    .ARM.Collect$$rtexit$$00000002           0x00000300   Section        0  rtexit2.o(.ARM.Collect$$rtexit$$00000002)
    .ARM.Collect$$rtexit$$00000003           0x00000300   Section        4  rtexit2.o(.ARM.Collect$$rtexit$$00000003)
    .ARM.Collect$$rtexit$$00000004           0x00000304   Section        6  rtexit2.o(.ARM.Collect$$rtexit$$00000004)
    .text                                    0x0000030c   Section      284  startup_tm4c123.o(.text)
    $v0                                      0x0000030c   Number         0  startup_tm4c123.o(.text)
    .text                                    0x00000428   Section        0  heapauxi.o(.text)
    .text                                    0x0000042e   Section       74  sys_stackheap_outer.o(.text)
    .text                                    0x00000478   Section        0  exit.o(.text)
    .text                                    0x0000048c   Section        8  libspace.o(.text)
    .text                                    0x00000494   Section        0  sys_exit.o(.text)
    .text                                    0x000004a0   Section        2  use_no_semi.o(.text)
    .text                                    0x000004a2   Section        0  indicate_semi.o(.text)
    i.Config                                 0x000004a4   Section        0  config.o(i.Config)
    i.Dist_cm                                0x00000794   Section        0  ultrasonicsensor.o(i.Dist_cm)
    i.PID                                    0x00000838   Section        0  pid.o(i.PID)
    i.SystemCoreClockUpdate                  0x00000af0   Section        0  system_tm4c123.o(i.SystemCoreClockUpdate)
    i.SystemInit                             0x00000bb4   Section        0  system_tm4c123.o(i.SystemInit)
    i.TIMER0A_Handler                        0x00000c4c   Section        0  pid.o(i.TIMER0A_Handler)
    i.delay_us                               0x00000cf4   Section        0  ultrasonicsensor.o(i.delay_us)
    i.getOscClk                              0x00000d34   Section        0  system_tm4c123.o(i.getOscClk)
    getOscClk                                0x00000d35   Thumb Code   182  system_tm4c123.o(i.getOscClk)
    i.main                                   0x00000e28   Section        0  main.o(i.main)
    x$fpl$dadd                               0x00000e54   Section      336  daddsub_clz.o(x$fpl$dadd)
    $v0                                      0x00000e54   Number         0  daddsub_clz.o(x$fpl$dadd)
    _dadd1                                   0x00000e65   Thumb Code     0  daddsub_clz.o(x$fpl$dadd)
    x$fpl$dcmpinf                            0x00000fa4   Section       24  dcmpi.o(x$fpl$dcmpinf)
    $v0                                      0x00000fa4   Number         0  dcmpi.o(x$fpl$dcmpinf)
    x$fpl$ddiv                               0x00000fbc   Section      688  ddiv.o(x$fpl$ddiv)
    $v0                                      0x00000fbc   Number         0  ddiv.o(x$fpl$ddiv)
    ddiv_entry                               0x00000fc3   Thumb Code     0  ddiv.o(x$fpl$ddiv)
    x$fpl$dfixu                              0x0000126c   Section       90  dfixu.o(x$fpl$dfixu)
    $v0                                      0x0000126c   Number         0  dfixu.o(x$fpl$dfixu)
    x$fpl$dflt                               0x000012c6   Section       46  dflt_clz.o(x$fpl$dflt)
    $v0                                      0x000012c6   Number         0  dflt_clz.o(x$fpl$dflt)
    x$fpl$dfltu                              0x000012f4   Section       38  dflt_clz.o(x$fpl$dfltu)
    $v0                                      0x000012f4   Number         0  dflt_clz.o(x$fpl$dfltu)
    x$fpl$dleqf                              0x0000131c   Section      120  dleqf.o(x$fpl$dleqf)
    $v0                                      0x0000131c   Number         0  dleqf.o(x$fpl$dleqf)
    x$fpl$dmul                               0x00001394   Section      340  dmul.o(x$fpl$dmul)
    $v0                                      0x00001394   Number         0  dmul.o(x$fpl$dmul)
    x$fpl$dnaninf                            0x000014e8   Section      156  dnaninf.o(x$fpl$dnaninf)
    $v0                                      0x000014e8   Number         0  dnaninf.o(x$fpl$dnaninf)
    x$fpl$dretinf                            0x00001584   Section       12  dretinf.o(x$fpl$dretinf)
    $v0                                      0x00001584   Number         0  dretinf.o(x$fpl$dretinf)
    x$fpl$drleqf                             0x00001590   Section      108  drleqf.o(x$fpl$drleqf)
    $v0                                      0x00001590   Number         0  drleqf.o(x$fpl$drleqf)
    x$fpl$dsub                               0x000015fc   Section      468  daddsub_clz.o(x$fpl$dsub)
    $v0                                      0x000015fc   Number         0  daddsub_clz.o(x$fpl$dsub)
    _dsub1                                   0x0000160d   Thumb Code     0  daddsub_clz.o(x$fpl$dsub)
    x$fpl$fpinit                             0x000017d0   Section       10  fpinit.o(x$fpl$fpinit)
    $v0                                      0x000017d0   Number         0  fpinit.o(x$fpl$fpinit)
    x$fpl$usenofp                            0x000017da   Section        0  usenofp.o(x$fpl$usenofp)
    .data                                    0x20000000   Section       16  config.o(.data)
    .data                                    0x20000010   Section        4  system_tm4c123.o(.data)
    .bss                                     0x20000014   Section       32  main.o(.bss)
    .bss                                     0x20000038   Section      232  pid.o(.bss)
    .bss                                     0x20000120   Section       96  libspace.o(.bss)
    HEAP                                     0x20000180   Section        0  startup_tm4c123.o(HEAP)
    STACK                                    0x20000180   Section      512  startup_tm4c123.o(STACK)
    Heap_Mem                                 0x20000180   Data           0  startup_tm4c123.o(HEAP)
    Stack_Mem                                0x20000180   Data         512  startup_tm4c123.o(STACK)
    __initial_sp                             0x20000380   Data           0  startup_tm4c123.o(STACK)

    Global Symbols

    Symbol Name                              Value     Ov Type        Size  Object(Section)

    BuildAttributes$$THM_ISAv4$E$P$D$K$B$S$7EM$VFPi3$EXTD16$VFPS$VFMA$PE$A:L22UL41UL21$X:L11$S22US41US21$IEEE1$IW$USESV6$~STKCKD$USESV7$~SHL$OSPACE$ROPI$EBA8$UX$STANDARDLIB$REQ8$PRES8$EABIv2 0x00000000   Number         0  anon$$obj.o ABSOLUTE
    __ARM_use_no_argv                        0x00000000   Number         0  main.o ABSOLUTE
    __Vectors                                0x00000000   Data           4  startup_tm4c123.o(RESET)
    __ARM_exceptions_init                     - Undefined Weak Reference
    __alloca_initialize                       - Undefined Weak Reference
    __arm_preinit_                            - Undefined Weak Reference
    __cpp_initialize__aeabi_                  - Undefined Weak Reference
    __cxa_finalize                            - Undefined Weak Reference
    __rt_locale                               - Undefined Weak Reference
    __sigvec_lookup                           - Undefined Weak Reference
    _atexit_init                              - Undefined Weak Reference
    _call_atexit_fns                          - Undefined Weak Reference
    _clock_init                               - Undefined Weak Reference
    _fp_trap_init                             - Undefined Weak Reference
    _fp_trap_shutdown                         - Undefined Weak Reference
    _get_lc_collate                           - Undefined Weak Reference
    _get_lc_ctype                             - Undefined Weak Reference
    _get_lc_monetary                          - Undefined Weak Reference
    _get_lc_numeric                           - Undefined Weak Reference
    _get_lc_time                              - Undefined Weak Reference
    _getenv_init                              - Undefined Weak Reference
    _handle_redirection                       - Undefined Weak Reference
    _init_alloc                               - Undefined Weak Reference
    _init_user_alloc                          - Undefined Weak Reference
    _initio                                   - Undefined Weak Reference
    _rand_init                                - Undefined Weak Reference
    _signal_finish                            - Undefined Weak Reference
    _signal_init                              - Undefined Weak Reference
    _terminate_alloc                          - Undefined Weak Reference
    _terminate_user_alloc                     - Undefined Weak Reference
    _terminateio                              - Undefined Weak Reference
    __Vectors_End                            0x0000026c   Data           0  startup_tm4c123.o(RESET)
    __Vectors_Size                           0x0000026c   Number         0  startup_tm4c123.o ABSOLUTE
    __main                                   0x0000026d   Thumb Code     8  __main.o(!!!main)
    __scatterload                            0x00000275   Thumb Code     0  __scatter.o(!!!scatter)
    __scatterload_rt2                        0x00000275   Thumb Code    44  __scatter.o(!!!scatter)
    __scatterload_rt2_thumb_only             0x00000275   Thumb Code     0  __scatter.o(!!!scatter)
    __scatterload_null                       0x00000283   Thumb Code     0  __scatter.o(!!!scatter)
    __scatterload_copy                       0x000002a9   Thumb Code    26  __scatter_copy.o(!!handler_copy)
    __scatterload_zeroinit                   0x000002c5   Thumb Code    28  __scatter_zi.o(!!handler_zi)
    __rt_lib_init                            0x000002e1   Thumb Code     0  libinit.o(.ARM.Collect$$libinit$$00000000)
    __rt_lib_init_fp_1                       0x000002e3   Thumb Code     0  libinit2.o(.ARM.Collect$$libinit$$00000001)
    __rt_lib_init_alloca_1                   0x000002e7   Thumb Code     0  libinit2.o(.ARM.Collect$$libinit$$0000002E)
    __rt_lib_init_argv_1                     0x000002e7   Thumb Code     0  libinit2.o(.ARM.Collect$$libinit$$0000002C)
    __rt_lib_init_atexit_1                   0x000002e7   Thumb Code     0  libinit2.o(.ARM.Collect$$libinit$$0000001B)
    __rt_lib_init_clock_1                    0x000002e7   Thumb Code     0  libinit2.o(.ARM.Collect$$libinit$$00000021)
    __rt_lib_init_cpp_1                      0x000002e7   Thumb Code     0  libinit2.o(.ARM.Collect$$libinit$$00000032)
    __rt_lib_init_exceptions_1               0x000002e7   Thumb Code     0  libinit2.o(.ARM.Collect$$libinit$$00000030)
    __rt_lib_init_fp_trap_1                  0x000002e7   Thumb Code     0  libinit2.o(.ARM.Collect$$libinit$$0000001F)
    __rt_lib_init_getenv_1                   0x000002e7   Thumb Code     0  libinit2.o(.ARM.Collect$$libinit$$00000023)
    __rt_lib_init_heap_1                     0x000002e7   Thumb Code     0  libinit2.o(.ARM.Collect$$libinit$$0000000A)
    __rt_lib_init_lc_collate_1               0x000002e7   Thumb Code     0  libinit2.o(.ARM.Collect$$libinit$$00000011)
    __rt_lib_init_lc_ctype_1                 0x000002e7   Thumb Code     0  libinit2.o(.ARM.Collect$$libinit$$00000013)
    __rt_lib_init_lc_monetary_1              0x000002e7   Thumb Code     0  libinit2.o(.ARM.Collect$$libinit$$00000015)
    __rt_lib_init_lc_numeric_1               0x000002e7   Thumb Code     0  libinit2.o(.ARM.Collect$$libinit$$00000017)
    __rt_lib_init_lc_time_1                  0x000002e7   Thumb Code     0  libinit2.o(.ARM.Collect$$libinit$$00000019)
    __rt_lib_init_preinit_1                  0x000002e7   Thumb Code     0  libinit2.o(.ARM.Collect$$libinit$$00000004)
    __rt_lib_init_rand_1                     0x000002e7   Thumb Code     0  libinit2.o(.ARM.Collect$$libinit$$0000000E)
    __rt_lib_init_return                     0x000002e7   Thumb Code     0  libinit2.o(.ARM.Collect$$libinit$$00000033)
    __rt_lib_init_signal_1                   0x000002e7   Thumb Code     0  libinit2.o(.ARM.Collect$$libinit$$0000001D)
    __rt_lib_init_stdio_1                    0x000002e7   Thumb Code     0  libinit2.o(.ARM.Collect$$libinit$$00000025)
    __rt_lib_init_user_alloc_1               0x000002e7   Thumb Code     0  libinit2.o(.ARM.Collect$$libinit$$0000000C)
    __rt_lib_shutdown                        0x000002e9   Thumb Code     0  libshutdown.o(.ARM.Collect$$libshutdown$$00000000)
    __rt_lib_shutdown_cpp_1                  0x000002eb   Thumb Code     0  libshutdown2.o(.ARM.Collect$$libshutdown$$00000002)
    __rt_lib_shutdown_fp_trap_1              0x000002eb   Thumb Code     0  libshutdown2.o(.ARM.Collect$$libshutdown$$00000007)
    __rt_lib_shutdown_heap_1                 0x000002eb   Thumb Code     0  libshutdown2.o(.ARM.Collect$$libshutdown$$0000000F)
    __rt_lib_shutdown_return                 0x000002eb   Thumb Code     0  libshutdown2.o(.ARM.Collect$$libshutdown$$00000010)
    __rt_lib_shutdown_signal_1               0x000002eb   Thumb Code     0  libshutdown2.o(.ARM.Collect$$libshutdown$$0000000A)
    __rt_lib_shutdown_stdio_1                0x000002eb   Thumb Code     0  libshutdown2.o(.ARM.Collect$$libshutdown$$00000004)
    __rt_lib_shutdown_user_alloc_1           0x000002eb   Thumb Code     0  libshutdown2.o(.ARM.Collect$$libshutdown$$0000000C)
    __rt_entry                               0x000002ed   Thumb Code     0  __rtentry.o(.ARM.Collect$$rtentry$$00000000)
    __rt_entry_presh_1                       0x000002ed   Thumb Code     0  __rtentry2.o(.ARM.Collect$$rtentry$$00000002)
    __rt_entry_sh                            0x000002ed   Thumb Code     0  __rtentry4.o(.ARM.Collect$$rtentry$$00000004)
    __rt_entry_li                            0x000002f3   Thumb Code     0  __rtentry2.o(.ARM.Collect$$rtentry$$0000000A)
    __rt_entry_postsh_1                      0x000002f3   Thumb Code     0  __rtentry2.o(.ARM.Collect$$rtentry$$00000009)
    __rt_entry_main                          0x000002f7   Thumb Code     0  __rtentry2.o(.ARM.Collect$$rtentry$$0000000D)
    __rt_entry_postli_1                      0x000002f7   Thumb Code     0  __rtentry2.o(.ARM.Collect$$rtentry$$0000000C)
    __rt_exit                                0x000002ff   Thumb Code     0  rtexit.o(.ARM.Collect$$rtexit$$00000000)
    __rt_exit_ls                             0x00000301   Thumb Code     0  rtexit2.o(.ARM.Collect$$rtexit$$00000003)
    __rt_exit_prels_1                        0x00000301   Thumb Code     0  rtexit2.o(.ARM.Collect$$rtexit$$00000002)
    __rt_exit_exit                           0x00000305   Thumb Code     0  rtexit2.o(.ARM.Collect$$rtexit$$00000004)
    Reset_Handler                            0x0000030d   Thumb Code    12  startup_tm4c123.o(.text)
    NMI_Handler                              0x00000319   Thumb Code     2  startup_tm4c123.o(.text)
    HardFault_Handler                        0x0000031b   Thumb Code     2  startup_tm4c123.o(.text)
    MemManage_Handler                        0x0000031d   Thumb Code     2  startup_tm4c123.o(.text)
    BusFault_Handler                         0x0000031f   Thumb Code     2  startup_tm4c123.o(.text)
    UsageFault_Handler                       0x00000321   Thumb Code     2  startup_tm4c123.o(.text)
    SVC_Handler                              0x00000323   Thumb Code     2  startup_tm4c123.o(.text)
    DebugMon_Handler                         0x00000325   Thumb Code     2  startup_tm4c123.o(.text)
    PendSV_Handler                           0x00000327   Thumb Code     2  startup_tm4c123.o(.text)
    SysTick_Handler                          0x00000329   Thumb Code     2  startup_tm4c123.o(.text)
    GPIOA_Handler                            0x0000032b   Thumb Code     2  startup_tm4c123.o(.text)
    GPIOB_Handler                            0x0000032d   Thumb Code     2  startup_tm4c123.o(.text)
    GPIOC_Handler                            0x0000032f   Thumb Code     2  startup_tm4c123.o(.text)
    GPIOD_Handler                            0x00000331   Thumb Code     2  startup_tm4c123.o(.text)
    GPIOE_Handler                            0x00000333   Thumb Code     2  startup_tm4c123.o(.text)
    UART0_Handler                            0x00000335   Thumb Code     2  startup_tm4c123.o(.text)
    UART1_Handler                            0x00000337   Thumb Code     2  startup_tm4c123.o(.text)
    SSI0_Handler                             0x00000339   Thumb Code     2  startup_tm4c123.o(.text)
    I2C0_Handler                             0x0000033b   Thumb Code     2  startup_tm4c123.o(.text)
    PMW0_FAULT_Handler                       0x0000033d   Thumb Code     2  startup_tm4c123.o(.text)
    PWM0_0_Handler                           0x0000033f   Thumb Code     2  startup_tm4c123.o(.text)
    PWM0_1_Handler                           0x00000341   Thumb Code     2  startup_tm4c123.o(.text)
    PWM0_2_Handler                           0x00000343   Thumb Code     2  startup_tm4c123.o(.text)
    QEI0_Handler                             0x00000345   Thumb Code     2  startup_tm4c123.o(.text)
    ADC0SS0_Handler                          0x00000347   Thumb Code     2  startup_tm4c123.o(.text)
    ADC0SS1_Handler                          0x00000349   Thumb Code     2  startup_tm4c123.o(.text)
    ADC0SS2_Handler                          0x0000034b   Thumb Code     2  startup_tm4c123.o(.text)
    ADC0SS3_Handler                          0x0000034d   Thumb Code     2  startup_tm4c123.o(.text)
    WDT0_Handler                             0x0000034f   Thumb Code     2  startup_tm4c123.o(.text)
    TIMER0B_Handler                          0x00000353   Thumb Code     2  startup_tm4c123.o(.text)
    TIMER1A_Handler                          0x00000355   Thumb Code     2  startup_tm4c123.o(.text)
    TIMER1B_Handler                          0x00000357   Thumb Code     2  startup_tm4c123.o(.text)
    TIMER2A_Handler                          0x00000359   Thumb Code     2  startup_tm4c123.o(.text)
    TIMER2B_Handler                          0x0000035b   Thumb Code     2  startup_tm4c123.o(.text)
    COMP0_Handler                            0x0000035d   Thumb Code     2  startup_tm4c123.o(.text)
    COMP1_Handler                            0x0000035f   Thumb Code     2  startup_tm4c123.o(.text)
    COMP2_Handler                            0x00000361   Thumb Code     2  startup_tm4c123.o(.text)
    SYSCTL_Handler                           0x00000363   Thumb Code     2  startup_tm4c123.o(.text)
    FLASH_Handler                            0x00000365   Thumb Code     2  startup_tm4c123.o(.text)
    GPIOF_Handler                            0x00000367   Thumb Code     2  startup_tm4c123.o(.text)
    GPIOG_Handler                            0x00000369   Thumb Code     2  startup_tm4c123.o(.text)
    GPIOH_Handler                            0x0000036b   Thumb Code     2  startup_tm4c123.o(.text)
    UART2_Handler                            0x0000036d   Thumb Code     2  startup_tm4c123.o(.text)
    SSI1_Handler                             0x0000036f   Thumb Code     2  startup_tm4c123.o(.text)
    TIMER3A_Handler                          0x00000371   Thumb Code     2  startup_tm4c123.o(.text)
    TIMER3B_Handler                          0x00000373   Thumb Code     2  startup_tm4c123.o(.text)
    I2C1_Handler                             0x00000375   Thumb Code     2  startup_tm4c123.o(.text)
    QEI1_Handler                             0x00000377   Thumb Code     2  startup_tm4c123.o(.text)
    CAN0_Handler                             0x00000379   Thumb Code     2  startup_tm4c123.o(.text)
    CAN1_Handler                             0x0000037b   Thumb Code     2  startup_tm4c123.o(.text)
    CAN2_Handler                             0x0000037d   Thumb Code     2  startup_tm4c123.o(.text)
    HIB_Handler                              0x0000037f   Thumb Code     2  startup_tm4c123.o(.text)
    USB0_Handler                             0x00000381   Thumb Code     2  startup_tm4c123.o(.text)
    PWM0_3_Handler                           0x00000383   Thumb Code     2  startup_tm4c123.o(.text)
    UDMA_Handler                             0x00000385   Thumb Code     2  startup_tm4c123.o(.text)
    UDMAERR_Handler                          0x00000387   Thumb Code     2  startup_tm4c123.o(.text)
    ADC1SS0_Handler                          0x00000389   Thumb Code     2  startup_tm4c123.o(.text)
    ADC1SS1_Handler                          0x0000038b   Thumb Code     2  startup_tm4c123.o(.text)
    ADC1SS2_Handler                          0x0000038d   Thumb Code     2  startup_tm4c123.o(.text)
    ADC1SS3_Handler                          0x0000038f   Thumb Code     2  startup_tm4c123.o(.text)
    GPIOJ_Handler                            0x00000391   Thumb Code     2  startup_tm4c123.o(.text)
    GPIOK_Handler                            0x00000393   Thumb Code     2  startup_tm4c123.o(.text)
    GPIOL_Handler                            0x00000395   Thumb Code     2  startup_tm4c123.o(.text)
    SSI2_Handler                             0x00000397   Thumb Code     2  startup_tm4c123.o(.text)
    SSI3_Handler                             0x00000399   Thumb Code     2  startup_tm4c123.o(.text)
    UART3_Handler                            0x0000039b   Thumb Code     2  startup_tm4c123.o(.text)
    UART4_Handler                            0x0000039d   Thumb Code     2  startup_tm4c123.o(.text)
    UART5_Handler                            0x0000039f   Thumb Code     2  startup_tm4c123.o(.text)
    UART6_Handler                            0x000003a1   Thumb Code     2  startup_tm4c123.o(.text)
    UART7_Handler                            0x000003a3   Thumb Code     2  startup_tm4c123.o(.text)
    I2C2_Handler                             0x000003a5   Thumb Code     2  startup_tm4c123.o(.text)
    I2C3_Handler                             0x000003a7   Thumb Code     2  startup_tm4c123.o(.text)
    TIMER4A_Handler                          0x000003a9   Thumb Code     2  startup_tm4c123.o(.text)
    TIMER4B_Handler                          0x000003ab   Thumb Code     2  startup_tm4c123.o(.text)
    TIMER5A_Handler                          0x000003ad   Thumb Code     2  startup_tm4c123.o(.text)
    TIMER5B_Handler                          0x000003af   Thumb Code     2  startup_tm4c123.o(.text)
    WTIMER0A_Handler                         0x000003b1   Thumb Code     2  startup_tm4c123.o(.text)
    WTIMER0B_Handler                         0x000003b3   Thumb Code     2  startup_tm4c123.o(.text)
    WTIMER1A_Handler                         0x000003b5   Thumb Code     2  startup_tm4c123.o(.text)
    WTIMER1B_Handler                         0x000003b7   Thumb Code     2  startup_tm4c123.o(.text)
    WTIMER2A_Handler                         0x000003b9   Thumb Code     2  startup_tm4c123.o(.text)
    WTIMER2B_Handler                         0x000003bb   Thumb Code     2  startup_tm4c123.o(.text)
    WTIMER3A_Handler                         0x000003bd   Thumb Code     2  startup_tm4c123.o(.text)
    WTIMER3B_Handler                         0x000003bf   Thumb Code     2  startup_tm4c123.o(.text)
    WTIMER4A_Handler                         0x000003c1   Thumb Code     2  startup_tm4c123.o(.text)
    WTIMER4B_Handler                         0x000003c3   Thumb Code     2  startup_tm4c123.o(.text)
    WTIMER5A_Handler                         0x000003c5   Thumb Code     2  startup_tm4c123.o(.text)
    WTIMER5B_Handler                         0x000003c7   Thumb Code     2  startup_tm4c123.o(.text)
    FPU_Handler                              0x000003c9   Thumb Code     2  startup_tm4c123.o(.text)
    I2C4_Handler                             0x000003cb   Thumb Code     2  startup_tm4c123.o(.text)
    I2C5_Handler                             0x000003cd   Thumb Code     2  startup_tm4c123.o(.text)
    GPIOM_Handler                            0x000003cf   Thumb Code     2  startup_tm4c123.o(.text)
    GPION_Handler                            0x000003d1   Thumb Code     2  startup_tm4c123.o(.text)
    QEI2_Handler                             0x000003d3   Thumb Code     2  startup_tm4c123.o(.text)
    GPIOP0_Handler                           0x000003d5   Thumb Code     2  startup_tm4c123.o(.text)
    GPIOP1_Handler                           0x000003d7   Thumb Code     2  startup_tm4c123.o(.text)
    GPIOP2_Handler                           0x000003d9   Thumb Code     2  startup_tm4c123.o(.text)
    GPIOP3_Handler                           0x000003db   Thumb Code     2  startup_tm4c123.o(.text)
    GPIOP4_Handler                           0x000003dd   Thumb Code     2  startup_tm4c123.o(.text)
    GPIOP5_Handler                           0x000003df   Thumb Code     2  startup_tm4c123.o(.text)
    GPIOP6_Handler                           0x000003e1   Thumb Code     2  startup_tm4c123.o(.text)
    GPIOP7_Handler                           0x000003e3   Thumb Code     2  startup_tm4c123.o(.text)
    GPIOQ0_Handler                           0x000003e5   Thumb Code     2  startup_tm4c123.o(.text)
    GPIOQ1_Handler                           0x000003e7   Thumb Code     2  startup_tm4c123.o(.text)
    GPIOQ2_Handler                           0x000003e9   Thumb Code     2  startup_tm4c123.o(.text)
    GPIOQ3_Handler                           0x000003eb   Thumb Code     2  startup_tm4c123.o(.text)
    GPIOQ4_Handler                           0x000003ed   Thumb Code     2  startup_tm4c123.o(.text)
    GPIOQ5_Handler                           0x000003ef   Thumb Code     2  startup_tm4c123.o(.text)
    GPIOQ6_Handler                           0x000003f1   Thumb Code     2  startup_tm4c123.o(.text)
    GPIOQ7_Handler                           0x000003f3   Thumb Code     2  startup_tm4c123.o(.text)
    GPIOR_Handler                            0x000003f5   Thumb Code     2  startup_tm4c123.o(.text)
    GPIOS_Handler                            0x000003f7   Thumb Code     2  startup_tm4c123.o(.text)
    PMW1_0_Handler                           0x000003f9   Thumb Code     2  startup_tm4c123.o(.text)
    PWM1_1_Handler                           0x000003fb   Thumb Code     2  startup_tm4c123.o(.text)
    PWM1_2_Handler                           0x000003fd   Thumb Code     2  startup_tm4c123.o(.text)
    PWM1_3_Handler                           0x000003ff   Thumb Code     2  startup_tm4c123.o(.text)
    PWM1_FAULT_Handler                       0x00000401   Thumb Code     2  startup_tm4c123.o(.text)
    __user_initial_stackheap                 0x00000405   Thumb Code     0  startup_tm4c123.o(.text)
    __use_two_region_memory                  0x00000429   Thumb Code     2  heapauxi.o(.text)
    __rt_heap_escrow$2region                 0x0000042b   Thumb Code     2  heapauxi.o(.text)
    __rt_heap_expand$2region                 0x0000042d   Thumb Code     2  heapauxi.o(.text)
    __user_setup_stackheap                   0x0000042f   Thumb Code    74  sys_stackheap_outer.o(.text)
    exit                                     0x00000479   Thumb Code    18  exit.o(.text)
    __user_libspace                          0x0000048d   Thumb Code     8  libspace.o(.text)
    __user_perproc_libspace                  0x0000048d   Thumb Code     0  libspace.o(.text)
    __user_perthread_libspace                0x0000048d   Thumb Code     0  libspace.o(.text)
    _sys_exit                                0x00000495   Thumb Code     8  sys_exit.o(.text)
    __I$use$semihosting                      0x000004a1   Thumb Code     0  use_no_semi.o(.text)
    __use_no_semihosting_swi                 0x000004a1   Thumb Code     2  use_no_semi.o(.text)
    __semihosting_library_function           0x000004a3   Thumb Code     0  indicate_semi.o(.text)
    Config                                   0x000004a5   Thumb Code   676  config.o(i.Config)
    Dist_cm                                  0x00000795   Thumb Code   142  ultrasonicsensor.o(i.Dist_cm)
    PID                                      0x00000839   Thumb Code   680  pid.o(i.PID)
    SystemCoreClockUpdate                    0x00000af1   Thumb Code   184  system_tm4c123.o(i.SystemCoreClockUpdate)
    SystemInit                               0x00000bb5   Thumb Code   112  system_tm4c123.o(i.SystemInit)
    TIMER0A_Handler                          0x00000c4d   Thumb Code   136  pid.o(i.TIMER0A_Handler)
    delay_us                                 0x00000cf5   Thumb Code    58  ultrasonicsensor.o(i.delay_us)
    main                                     0x00000e29   Thumb Code    36  main.o(i.main)
    __aeabi_dadd                             0x00000e55   Thumb Code     0  daddsub_clz.o(x$fpl$dadd)
    _dadd                                    0x00000e55   Thumb Code   332  daddsub_clz.o(x$fpl$dadd)
    __fpl_dcmp_Inf                           0x00000fa5   Thumb Code    24  dcmpi.o(x$fpl$dcmpinf)
    __aeabi_ddiv                             0x00000fbd   Thumb Code     0  ddiv.o(x$fpl$ddiv)
    _ddiv                                    0x00000fbd   Thumb Code   552  ddiv.o(x$fpl$ddiv)
    __aeabi_d2uiz                            0x0000126d   Thumb Code     0  dfixu.o(x$fpl$dfixu)
    _dfixu                                   0x0000126d   Thumb Code    90  dfixu.o(x$fpl$dfixu)
    __aeabi_i2d                              0x000012c7   Thumb Code     0  dflt_clz.o(x$fpl$dflt)
    _dflt                                    0x000012c7   Thumb Code    46  dflt_clz.o(x$fpl$dflt)
    __aeabi_ui2d                             0x000012f5   Thumb Code     0  dflt_clz.o(x$fpl$dfltu)
    _dfltu                                   0x000012f5   Thumb Code    38  dflt_clz.o(x$fpl$dfltu)
    __aeabi_cdcmple                          0x0000131d   Thumb Code     0  dleqf.o(x$fpl$dleqf)
    _dcmple                                  0x0000131d   Thumb Code   120  dleqf.o(x$fpl$dleqf)
    __fpl_dcmple_InfNaN                      0x0000137f   Thumb Code     0  dleqf.o(x$fpl$dleqf)
    __aeabi_dmul                             0x00001395   Thumb Code     0  dmul.o(x$fpl$dmul)
    _dmul                                    0x00001395   Thumb Code   332  dmul.o(x$fpl$dmul)
    __fpl_dnaninf                            0x000014e9   Thumb Code   156  dnaninf.o(x$fpl$dnaninf)
    __fpl_dretinf                            0x00001585   Thumb Code    12  dretinf.o(x$fpl$dretinf)
    __aeabi_cdrcmple                         0x00001591   Thumb Code     0  drleqf.o(x$fpl$drleqf)
    _drcmple                                 0x00001591   Thumb Code   108  drleqf.o(x$fpl$drleqf)
    __aeabi_dsub                             0x000015fd   Thumb Code     0  daddsub_clz.o(x$fpl$dsub)
    _dsub                                    0x000015fd   Thumb Code   464  daddsub_clz.o(x$fpl$dsub)
    _fp_init                                 0x000017d1   Thumb Code    10  fpinit.o(x$fpl$fpinit)
    __fplib_config_fpu_vfp                   0x000017d9   Thumb Code     0  fpinit.o(x$fpl$fpinit)
    __fplib_config_pureend_doubles           0x000017d9   Thumb Code     0  fpinit.o(x$fpl$fpinit)
    __I$use$fp                               0x000017da   Number         0  usenofp.o(x$fpl$usenofp)
    Region$$Table$$Base                      0x000017dc   Number         0  anon$$obj.o(Region$$Table)
    Region$$Table$$Limit                     0x000017fc   Number         0  anon$$obj.o(Region$$Table)
    PID_Sample_Time                          0x20000000   Data           8  config.o(.data)
    SysClk                                   0x20000008   Data           4  config.o(.data)
    PID_sf                                   0x2000000c   Data           4  config.o(.data)
    SystemCoreClock                          0x20000010   Data           4  system_tm4c123.o(.data)
    S1                                       0x20000014   Data          16  main.o(.bss)
    S2                                       0x20000024   Data          16  main.o(.bss)
    OUT_M1                                   0x20000038   Data          16  pid.o(.bss)
    Error_M1                                 0x20000048   Data          12  pid.o(.bss)
    Error_M2                                 0x20000054   Data          12  pid.o(.bss)
    M1                                       0x20000060   Data          96  pid.o(.bss)
    M2                                       0x200000c0   Data          96  pid.o(.bss)
    __libspace_start                         0x20000120   Data          96  libspace.o(.bss)
    __temporary_stack_top$libspace           0x20000180   Data           0  libspace.o(.bss)



==============================================================================

Memory Map of the image

  Image Entry point : 0x0000030d

  Load Region LR_1 (Base: 0x00000000, Size: 0x00001810, Max: 0xffffffff, ABSOLUTE)

    Execution Region ER_RO (Exec base: 0x00000000, Load base: 0x00000000, Size: 0x000017fc, Max: 0xffffffff, ABSOLUTE)

    Exec Addr    Load Addr    Size         Type   Attr      Idx    E Section Name        Object

    0x00000000   0x00000000   0x0000026c   Data   RO          157    RESET               startup_tm4c123.o
    0x0000026c   0x0000026c   0x00000008   Code   RO          207  * !!!main             c_w.l(__main.o)
    0x00000274   0x00000274   0x00000034   Code   RO          397    !!!scatter          c_w.l(__scatter.o)
    0x000002a8   0x000002a8   0x0000001a   Code   RO          399    !!handler_copy      c_w.l(__scatter_copy.o)
    0x000002c2   0x000002c2   0x00000002   PAD
    0x000002c4   0x000002c4   0x0000001c   Code   RO          401    !!handler_zi        c_w.l(__scatter_zi.o)
    0x000002e0   0x000002e0   0x00000002   Code   RO          267    .ARM.Collect$$libinit$$00000000  c_w.l(libinit.o)
    0x000002e2   0x000002e2   0x00000004   Code   RO          273    .ARM.Collect$$libinit$$00000001  c_w.l(libinit2.o)
    0x000002e6   0x000002e6   0x00000000   Code   RO          276    .ARM.Collect$$libinit$$00000004  c_w.l(libinit2.o)
    0x000002e6   0x000002e6   0x00000000   Code   RO          279    .ARM.Collect$$libinit$$0000000A  c_w.l(libinit2.o)
    0x000002e6   0x000002e6   0x00000000   Code   RO          281    .ARM.Collect$$libinit$$0000000C  c_w.l(libinit2.o)
    0x000002e6   0x000002e6   0x00000000   Code   RO          283    .ARM.Collect$$libinit$$0000000E  c_w.l(libinit2.o)
    0x000002e6   0x000002e6   0x00000000   Code   RO          286    .ARM.Collect$$libinit$$00000011  c_w.l(libinit2.o)
    0x000002e6   0x000002e6   0x00000000   Code   RO          288    .ARM.Collect$$libinit$$00000013  c_w.l(libinit2.o)
    0x000002e6   0x000002e6   0x00000000   Code   RO          290    .ARM.Collect$$libinit$$00000015  c_w.l(libinit2.o)
    0x000002e6   0x000002e6   0x00000000   Code   RO          292    .ARM.Collect$$libinit$$00000017  c_w.l(libinit2.o)
    0x000002e6   0x000002e6   0x00000000   Code   RO          294    .ARM.Collect$$libinit$$00000019  c_w.l(libinit2.o)
    0x000002e6   0x000002e6   0x00000000   Code   RO          296    .ARM.Collect$$libinit$$0000001B  c_w.l(libinit2.o)
    0x000002e6   0x000002e6   0x00000000   Code   RO          298    .ARM.Collect$$libinit$$0000001D  c_w.l(libinit2.o)
    0x000002e6   0x000002e6   0x00000000   Code   RO          300    .ARM.Collect$$libinit$$0000001F  c_w.l(libinit2.o)
    0x000002e6   0x000002e6   0x00000000   Code   RO          302    .ARM.Collect$$libinit$$00000021  c_w.l(libinit2.o)
    0x000002e6   0x000002e6   0x00000000   Code   RO          304    .ARM.Collect$$libinit$$00000023  c_w.l(libinit2.o)
    0x000002e6   0x000002e6   0x00000000   Code   RO          306    .ARM.Collect$$libinit$$00000025  c_w.l(libinit2.o)
    0x000002e6   0x000002e6   0x00000000   Code   RO          310    .ARM.Collect$$libinit$$0000002C  c_w.l(libinit2.o)
    0x000002e6   0x000002e6   0x00000000   Code   RO          312    .ARM.Collect$$libinit$$0000002E  c_w.l(libinit2.o)
    0x000002e6   0x000002e6   0x00000000   Code   RO          314    .ARM.Collect$$libinit$$00000030  c_w.l(libinit2.o)
    0x000002e6   0x000002e6   0x00000000   Code   RO          316    .ARM.Collect$$libinit$$00000032  c_w.l(libinit2.o)
    0x000002e6   0x000002e6   0x00000002   Code   RO          317    .ARM.Collect$$libinit$$00000033  c_w.l(libinit2.o)
    0x000002e8   0x000002e8   0x00000002   Code   RO          337    .ARM.Collect$$libshutdown$$00000000  c_w.l(libshutdown.o)
    0x000002ea   0x000002ea   0x00000000   Code   RO          350    .ARM.Collect$$libshutdown$$00000002  c_w.l(libshutdown2.o)
    0x000002ea   0x000002ea   0x00000000   Code   RO          352    .ARM.Collect$$libshutdown$$00000004  c_w.l(libshutdown2.o)
    0x000002ea   0x000002ea   0x00000000   Code   RO          355    .ARM.Collect$$libshutdown$$00000007  c_w.l(libshutdown2.o)
    0x000002ea   0x000002ea   0x00000000   Code   RO          358    .ARM.Collect$$libshutdown$$0000000A  c_w.l(libshutdown2.o)
    0x000002ea   0x000002ea   0x00000000   Code   RO          360    .ARM.Collect$$libshutdown$$0000000C  c_w.l(libshutdown2.o)
    0x000002ea   0x000002ea   0x00000000   Code   RO          363    .ARM.Collect$$libshutdown$$0000000F  c_w.l(libshutdown2.o)
    0x000002ea   0x000002ea   0x00000002   Code   RO          364    .ARM.Collect$$libshutdown$$00000010  c_w.l(libshutdown2.o)
    0x000002ec   0x000002ec   0x00000000   Code   RO          235    .ARM.Collect$$rtentry$$00000000  c_w.l(__rtentry.o)
    0x000002ec   0x000002ec   0x00000000   Code   RO          244    .ARM.Collect$$rtentry$$00000002  c_w.l(__rtentry2.o)
    0x000002ec   0x000002ec   0x00000006   Code   RO          256    .ARM.Collect$$rtentry$$00000004  c_w.l(__rtentry4.o)
    0x000002f2   0x000002f2   0x00000000   Code   RO          246    .ARM.Collect$$rtentry$$00000009  c_w.l(__rtentry2.o)
    0x000002f2   0x000002f2   0x00000004   Code   RO          247    .ARM.Collect$$rtentry$$0000000A  c_w.l(__rtentry2.o)
    0x000002f6   0x000002f6   0x00000000   Code   RO          249    .ARM.Collect$$rtentry$$0000000C  c_w.l(__rtentry2.o)
    0x000002f6   0x000002f6   0x00000008   Code   RO          250    .ARM.Collect$$rtentry$$0000000D  c_w.l(__rtentry2.o)
    0x000002fe   0x000002fe   0x00000002   Code   RO          271    .ARM.Collect$$rtexit$$00000000  c_w.l(rtexit.o)
    0x00000300   0x00000300   0x00000000   Code   RO          319    .ARM.Collect$$rtexit$$00000002  c_w.l(rtexit2.o)
    0x00000300   0x00000300   0x00000004   Code   RO          320    .ARM.Collect$$rtexit$$00000003  c_w.l(rtexit2.o)
    0x00000304   0x00000304   0x00000006   Code   RO          321    .ARM.Collect$$rtexit$$00000004  c_w.l(rtexit2.o)
    0x0000030a   0x0000030a   0x00000002   PAD
    0x0000030c   0x0000030c   0x0000011c   Code   RO          158  * .text               startup_tm4c123.o
    0x00000428   0x00000428   0x00000006   Code   RO          205    .text               c_w.l(heapauxi.o)
    0x0000042e   0x0000042e   0x0000004a   Code   RO          258    .text               c_w.l(sys_stackheap_outer.o)
    0x00000478   0x00000478   0x00000012   Code   RO          260    .text               c_w.l(exit.o)
    0x0000048a   0x0000048a   0x00000002   PAD
    0x0000048c   0x0000048c   0x00000008   Code   RO          268    .text               c_w.l(libspace.o)
    0x00000494   0x00000494   0x0000000c   Code   RO          329    .text               c_w.l(sys_exit.o)
    0x000004a0   0x000004a0   0x00000002   Code   RO          340    .text               c_w.l(use_no_semi.o)
    0x000004a2   0x000004a2   0x00000000   Code   RO          342    .text               c_w.l(indicate_semi.o)
    0x000004a2   0x000004a2   0x00000002   PAD
    0x000004a4   0x000004a4   0x000002f0   Code   RO           63    i.Config            config.o
    0x00000794   0x00000794   0x000000a4   Code   RO          125    i.Dist_cm           ultrasonicsensor.o
    0x00000838   0x00000838   0x000002b8   Code   RO           90    i.PID               pid.o
    0x00000af0   0x00000af0   0x000000c4   Code   RO          165    i.SystemCoreClockUpdate  system_tm4c123.o
    0x00000bb4   0x00000bb4   0x00000098   Code   RO          166    i.SystemInit        system_tm4c123.o
    0x00000c4c   0x00000c4c   0x000000a8   Code   RO           91    i.TIMER0A_Handler   pid.o
    0x00000cf4   0x00000cf4   0x00000040   Code   RO          126    i.delay_us          ultrasonicsensor.o
    0x00000d34   0x00000d34   0x000000f4   Code   RO          167    i.getOscClk         system_tm4c123.o
    0x00000e28   0x00000e28   0x0000002c   Code   RO            4    i.main              main.o
    0x00000e54   0x00000e54   0x00000150   Code   RO          209    x$fpl$dadd          fz_wm.l(daddsub_clz.o)
    0x00000fa4   0x00000fa4   0x00000018   Code   RO          236    x$fpl$dcmpinf       fz_wm.l(dcmpi.o)
    0x00000fbc   0x00000fbc   0x000002b0   Code   RO          216    x$fpl$ddiv          fz_wm.l(ddiv.o)
    0x0000126c   0x0000126c   0x0000005a   Code   RO          219    x$fpl$dfixu         fz_wm.l(dfixu.o)
    0x000012c6   0x000012c6   0x0000002e   Code   RO          224    x$fpl$dflt          fz_wm.l(dflt_clz.o)
    0x000012f4   0x000012f4   0x00000026   Code   RO          223    x$fpl$dfltu         fz_wm.l(dflt_clz.o)
    0x0000131a   0x0000131a   0x00000002   PAD
    0x0000131c   0x0000131c   0x00000078   Code   RO          229    x$fpl$dleqf         fz_wm.l(dleqf.o)
    0x00001394   0x00001394   0x00000154   Code   RO          231    x$fpl$dmul          fz_wm.l(dmul.o)
    0x000014e8   0x000014e8   0x0000009c   Code   RO          238    x$fpl$dnaninf       fz_wm.l(dnaninf.o)
    0x00001584   0x00001584   0x0000000c   Code   RO          240    x$fpl$dretinf       fz_wm.l(dretinf.o)
    0x00001590   0x00001590   0x0000006c   Code   RO          233    x$fpl$drleqf        fz_wm.l(drleqf.o)
    0x000015fc   0x000015fc   0x000001d4   Code   RO          211    x$fpl$dsub          fz_wm.l(daddsub_clz.o)
    0x000017d0   0x000017d0   0x0000000a   Code   RO          327    x$fpl$fpinit        fz_wm.l(fpinit.o)
    0x000017da   0x000017da   0x00000000   Code   RO          242    x$fpl$usenofp       fz_wm.l(usenofp.o)
    0x000017da   0x000017da   0x00000002   PAD
    0x000017dc   0x000017dc   0x00000020   Data   RO          395    Region$$Table       anon$$obj.o


    Execution Region ER_RW (Exec base: 0x20000000, Load base: 0x000017fc, Size: 0x00000014, Max: 0xffffffff, ABSOLUTE)

    Exec Addr    Load Addr    Size         Type   Attr      Idx    E Section Name        Object

    0x20000000   0x000017fc   0x00000010   Data   RW           64    .data               config.o
    0x20000010   0x0000180c   0x00000004   Data   RW          168    .data               system_tm4c123.o


    Execution Region ER_ZI (Exec base: 0x20000014, Load base: 0x00001810, Size: 0x0000036c, Max: 0xffffffff, ABSOLUTE)

    Exec Addr    Load Addr    Size         Type   Attr      Idx    E Section Name        Object

    0x20000014        -       0x00000020   Zero   RW            5    .bss                main.o
    0x20000034   0x00001810   0x00000004   PAD
    0x20000038        -       0x000000e8   Zero   RW           92    .bss                pid.o
    0x20000120        -       0x00000060   Zero   RW          269    .bss                c_w.l(libspace.o)
    0x20000180        -       0x00000000   Zero   RW          156    HEAP                startup_tm4c123.o
    0x20000180        -       0x00000200   Zero   RW          155    STACK               startup_tm4c123.o


==============================================================================

Image component sizes


      Code (inc. data)   RO Data    RW Data    ZI Data      Debug   Object Name

       752         76          0         16          0        977   config.o
        44          8          0          0         32       5791   main.o
       864         48          0          0        232       2393   pid.o
       284         28        620          0        512       5440   startup_tm4c123.o
       592        138          0          4          0       2171   system_tm4c123.o
       228         28          0          0          0       1661   ultrasonicsensor.o

    ----------------------------------------------------------------------
      2764        326        652         20        780      18433   Object Totals
         0          0         32          0          0          0   (incl. Generated)
         0          0          0          0          4          0   (incl. Padding)

    ----------------------------------------------------------------------

      Code (inc. data)   RO Data    RW Data    ZI Data      Debug   Library Member Name

         8          0          0          0          0         68   __main.o
         0          0          0          0          0          0   __rtentry.o
        12          0          0          0          0          0   __rtentry2.o
         6          0          0          0          0          0   __rtentry4.o
        52          8          0          0          0          0   __scatter.o
        26          0          0          0          0          0   __scatter_copy.o
        28          0          0          0          0          0   __scatter_zi.o
        18          0          0          0          0         80   exit.o
         6          0          0          0          0        152   heapauxi.o
         0          0          0          0          0          0   indicate_semi.o
         2          0          0          0          0          0   libinit.o
         6          0          0          0          0          0   libinit2.o
         2          0          0          0          0          0   libshutdown.o
         2          0          0          0          0          0   libshutdown2.o
         8          4          0          0         96         68   libspace.o
         2          0          0          0          0          0   rtexit.o
        10          0          0          0          0          0   rtexit2.o
        12          4          0          0          0         68   sys_exit.o
        74          0          0          0          0         80   sys_stackheap_outer.o
         2          0          0          0          0         68   use_no_semi.o
       804         16          0          0          0        368   daddsub_clz.o
        24          0          0          0          0        116   dcmpi.o
       688        140          0          0          0        256   ddiv.o
        90          4          0          0          0        140   dfixu.o
        84          0          0          0          0        232   dflt_clz.o
       120          4          0          0          0        140   dleqf.o
       340         12          0          0          0        152   dmul.o
       156          4          0          0          0        140   dnaninf.o
        12          0          0          0          0        116   dretinf.o
       108          0          0          0          0        128   drleqf.o
        10          0          0          0          0        116   fpinit.o
         0          0          0          0          0          0   usenofp.o

    ----------------------------------------------------------------------
      2724        196          0          0         96       2488   Library Totals
        12          0          0          0          0          0   (incl. Padding)

    ----------------------------------------------------------------------

      Code (inc. data)   RO Data    RW Data    ZI Data      Debug   Library Name

       276         16          0          0         96        584   c_w.l
      2436        180          0          0          0       1904   fz_wm.l

    ----------------------------------------------------------------------
      2724        196          0          0         96       2488   Library Totals

    ----------------------------------------------------------------------

==============================================================================


      Code (inc. data)   RO Data    RW Data    ZI Data      Debug   

      5488        522        652         20        876      18965   Grand Totals
      5488        522        652         20        876      18965   ELF Image Totals
      5488        522        652         20          0          0   ROM Totals

==============================================================================

    Total RO  Size (Code + RO Data)                 6140 (   6.00kB)
    Total RW  Size (RW Data + ZI Data)               896 (   0.88kB)
    Total ROM Size (Code + RO Data + RW Data)       6160 (   6.02kB)

==============================================================================

