<html>
<body>
<pre>
<h1>µVision Build Log</h1>
<h2>Tool Versions:</h2>
IDE-Version: µVision V5.18a
Copyright (C) 2016 ARM Ltd and ARM Germany GmbH. All rights reserved.
License Information: ISRAEL GBATI, CORTEX-M.COM, LIC=----
 
Tool Versions:
Toolchain:       MDK-Lite  Version: 5.18a
Toolchain Path:  C:\Keil_v5\V518a\ARM\ARMCC\Bin
C Compiler:      Armcc.exe V5.06 update 1 (build 61)
Assembler:       Armasm.exe V5.06 update 1 (build 61)
Linker/Locator:  ArmLink.exe V5.06 update 1 (build 61)
Library Manager: ArmAr.exe V5.06 update 1 (build 61)
Hex Converter:   FromElf.exe V5.06 update 1 (build 61)
CPU DLL:         SARMCM3.DLL V5.18a
Dialog DLL:      DCM.DLL V1.13.6.0
Target DLL:      UL2CM3.DLL V1.157.10.0
Dialog DLL:      TCM.DLL V1.14.8.0
 
<h2>Project:</h2>
C:\Users\Israel\Documents\CORTEX-M.COM\CM_Internals\stdInt\stdint.uvprojx
Project File Date:  04/22/2016

<h2>Output:</h2>
*** Using Compiler 'V5.06 update 1 (build 61)', folder: 'C:\Keil_v5\V518a\ARM\ARMCC\Bin'
Rebuild target 'Target 1'
compiling main.c...
main.c(28): warning:  #1-D: last line of file ends without a newline
  }
main.c(17): warning:  #177-D: variable "number_size" was declared but never referenced
         int number_size =  sizeof(number);
main.c(19): warning:  #177-D: variable "signed8" was declared but never referenced
         int8_t signed8 = sizeof(x1);
main.c(20): warning:  #177-D: variable "usigned8" was declared but never referenced
         uint8_t usigned8 = sizeof(x2);
main.c(22): warning:  #177-D: variable "signed16" was declared but never referenced
          int16_t signed16 = sizeof(y1);
main.c(23): warning:  #177-D: variable "usigned16" was declared but never referenced
         uint16_t usigned16 = sizeof(y2);
main.c(25): warning:  #177-D: variable "signed32" was declared but never referenced
          int32_t signed32 = sizeof(z1);
main.c(26): warning:  #177-D: variable "usigned32" was declared but never referenced
         uint32_t usigned32 = sizeof(z2);
main.c: 8 warnings, 0 errors
assembling Startup.s...
linking...
Program Size: Code=952 RO-data=16 RW-data=0 ZI-data=352  
".\Objects\stdint.axf" - 0 Error(s), 8 Warning(s).

<h2>Software Packages used:</h2>

Package Vendor: ARM
                http://www.keil.com/pack/ARM.CMSIS.4.5.0.pack
                ARM::CMSIS:CORE:4.3.0
                CMSIS (Cortex Microcontroller Software Interface Standard)
   * Component: CORE Version: 4.3.0

Package Vendor: Keil
                http://www.keil.com/pack/Keil.LM4F_DFP.1.0.0.pack
                Keil::Device:Startup:1.0.0
                Texas Instruments LM4F Series Device Support
   * Component: Startup Version: 1.0.0

<h2>Collection of Component include folders:</h2>
  C:\Users\Israel\Documents\CORTEX-M.COM\CM_Internals\stdInt\RTE
  C:\Keil_v5\V518a\ARM\PACK\ARM\CMSIS\4.5.0\CMSIS\Include
  C:\Keil_v5\V518a\ARM\PACK\Keil\LM4F_DFP\1.0.0\Device\Include

<h2>Collection of Component Files used:</h2>

   * Component: ARM::CMSIS:CORE:4.3.0

   * Component: Keil::Device:Startup:1.0.0
      Include file:  Device\Include\LM4F120H5QR.h
      Source file:   Device\Source\ARM\Startup.s
Build Time Elapsed:  00:00:00
</pre>
</body>
</html>
